BL51 BANKED LINKER/LOCATER V6.22                                                        11/26/2016  20:19:22  PAGE 1


BL51 BANKED LINKER/LOCATER V6.22, INVOKED BY:
D:\PROGRAM FILES\KEIL\C51\BIN\BL51.EXE text.obj TO test RAMSIZE (256)


MEMORY MODEL: SMALL


INPUT MODULES INCLUDED:
  text.obj (TEXT)
  D:\PROGRAM FILES\KEIL\C51\LIB\C51S.LIB (?C_STARTUP)


LINK MAP OF MODULE:  test (TEXT)


            TYPE    BASE      LENGTH    RELOCATION   SEGMENT NAME
            -----------------------------------------------------

            * * * * * * *   D A T A   M E M O R Y   * * * * * * *
            REG     0000H     0008H     ABSOLUTE     "REG BANK 0"
            DATA    0008H     0001H     UNIT         ?DT?TEXT
            DATA    0009H     0001H     UNIT         _DATA_GROUP_
            IDATA   000AH     0001H     UNIT         ?STACK

            * * * * * * *   C O D E   M E M O R Y   * * * * * * *
            CODE    0000H     0003H     ABSOLUTE     
            CODE    0003H     0080H     UNIT         ?PR?KEY_DISPLAY?TEXT
            CODE    0083H     0010H     UNIT         ?CO?TEXT
            CODE    0093H     000EH     UNIT         ?PR?MAIN?TEXT
            CODE    00A1H     000CH     UNIT         ?C_C51STARTUP
            CODE    00ADH     000BH     UNIT         ?PR?_DELAY?TEXT



OVERLAY MAP OF MODULE:   test (TEXT)


SEGMENT                          DATA_GROUP 
  +--> CALLED SEGMENT          START    LENGTH
----------------------------------------------
?C_C51STARTUP                  -----    -----
  +--> ?PR?MAIN?TEXT

?PR?MAIN?TEXT                  -----    -----
  +--> ?PR?KEY_DISPLAY?TEXT
  +--> ?CO?TEXT

?PR?KEY_DISPLAY?TEXT           0009H    0001H
  +--> ?PR?_DELAY?TEXT



SYMBOL TABLE OF MODULE:  test (TEXT)

  VALUE           TYPE          NAME
  ----------------------------------

  -------         MODULE        TEXT
BL51 BANKED LINKER/LOCATER V6.22                                                      11/26/2016  20:19:22  PAGE 2


  C:0000H         SYMBOL        _ICE_DUMMY_
  D:0080H         PUBLIC        P0
  D:0090H         PUBLIC        P1
  D:00B0H         PUBLIC        P3
  D:0008H         PUBLIC        lastnum
  D:00A8H         PUBLIC        IE
  C:00ADH         PUBLIC        _delay
  D:00B8H         PUBLIC        IP
  C:0083H         PUBLIC        array
  C:0003H         PUBLIC        key_display
  C:0093H         PUBLIC        main
  D:0098H         PUBLIC        SCON
  D:0088H         PUBLIC        TCON
  D:00C8H         PUBLIC        T2CON
  D:00D0H         PUBLIC        PSW
  -------         PROC          _DELAY
  D:0006H         SYMBOL        i
  C:00ADH         LINE#         15
  C:00ADH         LINE#         16
  C:00ADH         LINE#         17
  C:00B7H         LINE#         18
  C:00B7H         LINE#         20
  C:00B7H         LINE#         21
  -------         ENDPROC       _DELAY
  -------         PROC          KEY_DISPLAY
  -------         DO            
  D:0009H         SYMBOL        a
  -------         ENDDO         
  C:0003H         LINE#         23
  C:0003H         LINE#         24
  C:0003H         LINE#         25
  C:0006H         LINE#         26
  C:0009H         LINE#         27
  C:000FH         LINE#         28
  C:000FH         LINE#         29
  C:0016H         LINE#         30
  C:001CH         LINE#         31
  C:001CH         LINE#         32
  C:002EH         LINE#         33
  C:002EH         LINE#         34
  C:0033H         LINE#         35
  C:0038H         LINE#         36
  C:003DH         LINE#         37
  C:0040H         LINE#         38
  C:0040H         LINE#         40
  C:0043H         LINE#         42
  C:0056H         LINE#         43
  C:0056H         LINE#         44
  C:005BH         LINE#         45
  C:005FH         LINE#         46
  C:0063H         LINE#         47
  C:0069H         LINE#         48
  C:0069H         LINE#         49
  C:0077H         LINE#         50
  C:0077H         LINE#         51
  C:007EH         LINE#         52
  C:0080H         LINE#         53
BL51 BANKED LINKER/LOCATER V6.22                                                      11/26/2016  20:19:22  PAGE 3


  C:0082H         LINE#         54
  C:0082H         LINE#         55
  C:0082H         LINE#         56
  -------         ENDPROC       KEY_DISPLAY
  -------         PROC          MAIN
  C:0093H         LINE#         59
  C:0093H         LINE#         60
  C:0093H         LINE#         61
  C:0093H         LINE#         62
  C:0093H         LINE#         63
  C:0096H         LINE#         64
  C:009FH         LINE#         65
  -------         ENDPROC       MAIN
  -------         ENDMOD        TEXT

Program Size: data=11.0 xdata=0 code=184
LINK/LOCATE RUN COMPLETE.  0 WARNING(S),  0 ERROR(S)
