BL51 BANKED LINKER/LOCATER V6.22                                                        11/24/2016  19:48:37  PAGE 1


BL51 BANKED LINKER/LOCATER V6.22, INVOKED BY:
D:\PROGRAM FILES\KEIL\C51\BIN\BL51.EXE main.obj TO test


MEMORY MODEL: SMALL


INPUT MODULES INCLUDED:
  main.obj (MAIN)
  D:\PROGRAM FILES\KEIL\C51\LIB\C51S.LIB (?C_STARTUP)


LINK MAP OF MODULE:  test (MAIN)


            TYPE    BASE      LENGTH    RELOCATION   SEGMENT NAME
            -----------------------------------------------------

            * * * * * * *   D A T A   M E M O R Y   * * * * * * *
            REG     0000H     0008H     ABSOLUTE     "REG BANK 0"
            IDATA   0008H     0001H     UNIT         ?STACK

            * * * * * * *   C O D E   M E M O R Y   * * * * * * *
            CODE    0000H     0003H     ABSOLUTE     
            CODE    0003H     006DH     UNIT         ?PR?DIGTAL_DISPLAY?MAIN
            CODE    0070H     0010H     UNIT         ?CO?MAIN
            CODE    0080H     000CH     UNIT         ?PR?MAIN?MAIN
            CODE    008CH     000CH     UNIT         ?C_C51STARTUP
            CODE    0098H     000BH     UNIT         ?PR?_DELAY?MAIN



OVERLAY MAP OF MODULE:   test (MAIN)


SEGMENT
  +--> CALLED SEGMENT
---------------------
?C_C51STARTUP
  +--> ?PR?MAIN?MAIN

?PR?MAIN?MAIN
  +--> ?CO?MAIN
  +--> ?PR?DIGTAL_DISPLAY?MAIN

?PR?DIGTAL_DISPLAY?MAIN
  +--> ?CO?MAIN
  +--> ?PR?_DELAY?MAIN



SYMBOL TABLE OF MODULE:  test (MAIN)

  VALUE           TYPE          NAME
  ----------------------------------

  -------         MODULE        MAIN
  C:0000H         SYMBOL        _ICE_DUMMY_
BL51 BANKED LINKER/LOCATER V6.22                                                      11/24/2016  19:48:37  PAGE 2


  D:0080H         PUBLIC        P0
  D:0090H         PUBLIC        P1
  D:00B0H         PUBLIC        P3
  D:00A8H         PUBLIC        IE
  C:0098H         PUBLIC        _delay
  D:00B8H         PUBLIC        IP
  C:0080H         PUBLIC        main
  D:0098H         PUBLIC        SCON
  D:0088H         PUBLIC        TCON
  B:0090H.0       PUBLIC        lsa
  B:0090H.1       PUBLIC        lsb
  B:0090H.2       PUBLIC        lsc
  C:0070H         PUBLIC        num
  C:0003H         PUBLIC        digtal_display
  D:00C8H         PUBLIC        T2CON
  D:00D0H         PUBLIC        PSW
  -------         PROC          _DELAY
  D:0006H         SYMBOL        i
  C:0098H         LINE#         15
  C:0098H         LINE#         16
  C:00A2H         LINE#         18
  C:00A2H         LINE#         19
  -------         ENDPROC       _DELAY
  -------         PROC          DIGTAL_DISPLAY
  -------         DO            
  D:0005H         SYMBOL        i
  -------         ENDDO         
  C:0003H         LINE#         22
  C:0003H         LINE#         24
  C:0005H         LINE#         25
  C:002AH         LINE#         26
  C:002AH         LINE#         27
  C:002EH         LINE#         28
  C:002EH         LINE#         29
  C:0036H         LINE#         30
  C:0036H         LINE#         31
  C:003AH         LINE#         32
  C:003AH         LINE#         33
  C:0042H         LINE#         34
  C:0042H         LINE#         35
  C:0046H         LINE#         36
  C:0046H         LINE#         37
  C:004EH         LINE#         38
  C:004EH         LINE#         39
  C:0052H         LINE#         40
  C:0052H         LINE#         41
  C:0058H         LINE#         42
  C:0058H         LINE#         43
  C:005FH         LINE#         44
  C:0066H         LINE#         45
  C:0069H         LINE#         46
  C:006FH         LINE#         47
  -------         ENDPROC       DIGTAL_DISPLAY
  -------         PROC          MAIN
  C:0080H         LINE#         49
  C:0080H         LINE#         50
  C:0087H         LINE#         51
BL51 BANKED LINKER/LOCATER V6.22                                                      11/24/2016  19:48:37  PAGE 3


  C:0087H         LINE#         52
  C:008AH         LINE#         53
  -------         ENDPROC       MAIN
  -------         ENDMOD        MAIN

Program Size: data=9.0 xdata=0 code=163
LINK/LOCATE RUN COMPLETE.  0 WARNING(S),  0 ERROR(S)
